{
    "processor": "clover-coverage",
    "formatter": "message",
    "exitOnLowCoverage": true,
    "enabledMetrics": "one,two,three"
}
