{
    "file": "..\/clover.xml",
    "percentage": "20"
}
