{
    "elements": {
        "total": 186,
        "covered": 168
    }
}
