{
    "classes": {
        "total": 100,
        "covered": 60.89
    },
    "lines": {
        "total": 100,
        "covered": 85.35
    },
    "methods": {
        "total": 100,
        "covered": 78.62
    }
}
