{
    "lines": {
        "total": 100,
        "covered": 85.35
    }
}
